---
source: crates/paws_domain/src/tools/catalog.rs
expression: tools
---
{
  "title": "FSRead",
  "description": "Reads file contents from the specified absolute path. Ideal for analyzing\ncode, configuration files, documentation, or textual data. Returns the\ncontent as a string with line number prefixes by default. For files larger\nthan 2,000 lines, the tool automatically returns only the first 2,000 lines.\nYou should always rely on this default behavior and avoid specifying custom\nranges unless absolutely necessary. If needed, specify a range with the\nstart_line and end_line parameters, ensuring the total range does not exceed\n2,000 lines. Specifying a range exceeding this limit will result in an\nerror. Binary files are automatically detected and rejected.",
  "type": "object",
  "properties": {
    "end_line": {
      "description": "Optional end position in lines (inclusive). If provided, reading\nwill end at this line position.",
      "type": [
        "integer",
        "null"
      ],
      "format": "int32"
    },
    "path": {
      "description": "The path of the file to read, always provide absolute paths.",
      "type": "string"
    },
    "show_line_numbers": {
      "description": "If true, prefixes each line with its line index (starting at 1).\nDefaults to true.",
      "type": "boolean",
      "default": true
    },
    "start_line": {
      "description": "Optional start position in lines (1-based). If provided, reading\nwill start from this line position.",
      "type": [
        "integer",
        "null"
      ],
      "format": "int32"
    }
  },
  "required": [
    "path"
  ]
}
{
  "title": "ReadImage",
  "description": "Reads image files from the file system and returns them in base64-encoded\nformat for vision-capable models. Supports common image formats: JPEG, PNG,\nWebP, and GIF. The path must be absolute and point to an existing file. Use\nthis tool when you need to process, analyze, or display images with vision\nmodels. Do NOT use this for text files - use the `read` tool instead. Do NOT\nuse for other binary files like PDFs, videos, or archives. The tool will\nfail if the file doesn't exist or if the format is unsupported. Returns the\nimage content encoded in base64 format ready for vision model consumption.",
  "type": "object",
  "properties": {
    "path": {
      "description": "The absolute path to the image file (e.g., /home/user/image.png).\nRelative paths are not supported. The file must exist and be readable.",
      "type": "string"
    }
  },
  "required": [
    "path"
  ]
}
{
  "title": "FSWrite",
  "description": "Use it to create a new file at a specified path with the provided content.\n\nAlways provide absolute paths for file locations. The tool\nautomatically handles the creation of any missing intermediary directories\nin the specified path.\nIMPORTANT: DO NOT attempt to use this tool to move or rename files, use the\nshell tool instead.",
  "type": "object",
  "properties": {
    "content": {
      "description": "The content to write to the file. ALWAYS provide the COMPLETE intended\ncontent of the file, without any truncation or omissions. You MUST\ninclude ALL parts of the file, even if they haven't been modified.",
      "type": "string"
    },
    "overwrite": {
      "description": "If set to true, existing files will be overwritten. If not set and the\nfile exists, an error will be returned with the content of the\nexisting file.",
      "type": "boolean"
    },
    "path": {
      "description": "The path of the file to write to (absolute path required)",
      "type": "string"
    }
  },
  "required": [
    "path",
    "content"
  ]
}
{
  "title": "FSSearch",
  "description": "Recursively searches directories for files by content (regex) and/or name\n(glob pattern). Provides context-rich results with line numbers for content\nmatches. Two modes: content search (when regex provided) or file finder\n(when regex omitted). Uses case-insensitive Rust regex syntax. Requires\nabsolute paths. Avoids binary files and excluded directories. Best for code\nexploration, API usage discovery, configuration settings, or finding\npatterns across projects. For large pages, returns the first 200\nlines and stores the complete content in a temporary file for\nsubsequent access.",
  "type": "object",
  "properties": {
    "file_pattern": {
      "description": "Glob pattern to filter files (e.g., '*.ts' for TypeScript files).\nIf not provided, it will search all files (*).",
      "type": [
        "string",
        "null"
      ]
    },
    "max_search_lines": {
      "description": "Maximum number of lines to return in the search results.",
      "type": [
        "integer",
        "null"
      ],
      "format": "int32"
    },
    "path": {
      "description": "The absolute path of the directory or file to search in. If it's a\ndirectory, it will be searched recursively. If it's a file path,\nonly that specific file will be searched.",
      "type": "string"
    },
    "regex": {
      "description": "The regular expression pattern to search for in file contents. Uses Rust\nregex syntax. If not provided, only file name matching will be\nperformed.",
      "type": [
        "string",
        "null"
      ]
    },
    "start_index": {
      "description": "Starting index for the search results (1-based).",
      "type": [
        "integer",
        "null"
      ],
      "format": "int32"
    }
  },
  "required": [
    "path"
  ]
}
{
  "title": "FSRemove",
  "description": "Request to remove a file at the specified path. Use this when you need to\ndelete an existing file. The path must be absolute. This operation cannot\nbe undone, so use it carefully.",
  "type": "object",
  "properties": {
    "path": {
      "description": "The path of the file to remove (absolute path required)",
      "type": "string"
    }
  },
  "required": [
    "path"
  ]
}
{
  "title": "FSPatch",
  "description": "Modifies files with targeted line operations on matched patterns. Supports\nprepend, append, replace, replace_all, swap operations. Ideal for precise\nchanges to configs, code, or docs while preserving context. Not suitable for\ncomplex refactoring or modifying all pattern occurrences - use `write`\ninstead for complete rewrites and `undo` for undoing the last operation.\nFails if search pattern isn't found.\\n\\nUsage Guidelines:\\n-When editing\ntext from Read tool output, ensure you preserve new lines and the exact\nindentation (tabs/spaces) as it appears AFTER the line number prefix. The\nline number prefix format is: line number + ':'. Everything\nafter that is the actual file content to match. Never include any part\nof the line number prefix in the search or content",
  "type": "object",
  "properties": {
    "content": {
      "description": "The text to replace it with (must be different from search)",
      "type": "string"
    },
    "operation": {
      "description": "The operation to perform on the matched text. Possible options are: -\n'prepend': Add content before the matched text - 'append': Add content\nafter the matched text - 'replace': Use only for specific, targeted\nreplacements where you need to modify just the first match. -\n'replace_all': Should be used for renaming variables, functions, types,\nor any widespread replacements across the file. This is the recommended\nchoice for consistent refactoring operations as it ensures all\noccurrences are updated. - 'swap': Replace the matched text with another\ntext (search for the second text and swap them)",
      "type": "string",
      "enum": [
        "prepend",
        "append",
        "replace",
        "replace_all",
        "swap"
      ]
    },
    "path": {
      "description": "The path to the file to modify",
      "type": "string"
    },
    "search": {
      "description": "The text to replace. When skipped the patch operation applies to the\nentire content. `Append` adds the new content to the end, `Prepend` adds\nit to the beginning, and `Replace` fully overwrites the original\ncontent. `Swap` requires a search target, so without one, it makes no\nchanges.",
      "type": [
        "string",
        "null"
      ]
    }
  },
  "required": [
    "path",
    "operation",
    "content"
  ]
}
{
  "title": "FSUndo",
  "description": "Reverts the most recent file operation (create/modify/delete) on a specific\nfile. Use this tool when you need to recover from incorrect file changes or\nif a revert is requested by the user.",
  "type": "object",
  "properties": {
    "path": {
      "description": "The absolute path of the file to revert to its previous state.",
      "type": "string"
    }
  },
  "required": [
    "path"
  ]
}
{
  "title": "Shell",
  "description": "Executes shell commands with safety measures using restricted bash (rbash).\nPrevents potentially harmful operations like absolute path execution and\ndirectory changes. Use for file system interaction, running utilities,\ninstalling packages, or executing build commands. For operations requiring\nunrestricted access, advise users to run paws CLI with '-u' flag. Returns\ncomplete output including stdout, stderr, and exit code for diagnostic\npurposes.",
  "type": "object",
  "properties": {
    "command": {
      "description": "The shell command to execute.",
      "type": "string"
    },
    "cwd": {
      "description": "The working directory where the command should be executed.",
      "type": "string"
    },
    "env": {
      "description": "Environment variable names to pass to command execution (e.g., [\"PATH\",\n\"HOME\", \"USER\"]). The system automatically reads the specified\nvalues and applies them during command execution.",
      "type": [
        "array",
        "null"
      ],
      "items": {
        "type": "string"
      }
    },
    "keep_ansi": {
      "description": "Whether to preserve ANSI escape codes in the output.\nIf true, ANSI escape codes will be preserved in the output.\nIf false (default), ANSI escape codes will be stripped from the output.",
      "type": "boolean"
    }
  },
  "required": [
    "command",
    "cwd"
  ]
}
{
  "title": "NetFetch",
  "description": "Input type for the net fetch tool",
  "type": "object",
  "properties": {
    "raw": {
      "description": "Get raw content without any markdown conversion (default: false)",
      "type": [
        "boolean",
        "null"
      ]
    },
    "url": {
      "description": "URL to fetch",
      "type": "string"
    }
  },
  "required": [
    "url"
  ]
}
{
  "title": "Followup",
  "description": "Use this tool when you encounter ambiguities, need clarification, or require\nmore details to proceed effectively. Use this tool judiciously to maintain a\nbalance between gathering necessary information and avoiding excessive\nback-and-forth.",
  "type": "object",
  "properties": {
    "multiple": {
      "description": "If true, allows selecting multiple options; if false (default), only one\noption can be selected",
      "type": [
        "boolean",
        "null"
      ]
    },
    "option1": {
      "description": "First option to choose from",
      "type": [
        "string",
        "null"
      ]
    },
    "option2": {
      "description": "Second option to choose from",
      "type": [
        "string",
        "null"
      ]
    },
    "option3": {
      "description": "Third option to choose from",
      "type": [
        "string",
        "null"
      ]
    },
    "option4": {
      "description": "Fourth option to choose from",
      "type": [
        "string",
        "null"
      ]
    },
    "option5": {
      "description": "Fifth option to choose from",
      "type": [
        "string",
        "null"
      ]
    },
    "question": {
      "description": "Question to ask the user",
      "type": "string"
    }
  },
  "required": [
    "question"
  ]
}
{
  "title": "PlanCreate",
  "description": "Creates a new plan file with the specified name, version, and content. Use\nthis tool to create structured project plans, task breakdowns, or\nimplementation strategies that can be tracked and referenced throughout\ndevelopment sessions.",
  "type": "object",
  "properties": {
    "content": {
      "description": "The content to write to the plan file. This should be the complete\nplan content in markdown format.",
      "type": "string"
    },
    "plan_name": {
      "description": "The name of the plan (will be used in the filename)",
      "type": "string"
    },
    "version": {
      "description": "The version of the plan (e.g., \"v1\", \"v2\", \"1.0\")",
      "type": "string"
    }
  },
  "required": [
    "plan_name",
    "version",
    "content"
  ]
}
{
  "title": "SkillFetch",
  "description": "Fetches detailed information about a specific skill. Use this tool to load\nskill content and instructions when you need to understand how to perform a\nspecialized task. Skills provide domain-specific knowledge, workflows, and\nbest practices. Only invoke skills that are listed in the available skills\nsection. Do not invoke a skill that is already active.",
  "type": "object",
  "properties": {
    "name": {
      "description": "The name of the skill to fetch (e.g., \"pdf\", \"code_review\")",
      "type": "string"
    }
  },
  "required": [
    "name"
  ]
}
