---
source: crates/paws_app/src/operation_tests.rs
expression: to_value(actual)
---
<http_response
  url="https://example.com/large-page"
  status_code="200"
  start_char="0"
  end_char="55"
  total_chars="72"
  content_type="text/markdown"
>
<body><![CDATA[AAAAAAAAAAAAAAAAAAAAAAAAAAAAAAAAAAAAAAAAAAAAAAAAAAAAAAA]]></body>
<truncated>Content is truncated to 55 chars, remaining content can be read from path: /tmp/paws_fetch_abc123.txt</truncated>
</http_response>
